[2024.04.05 15:28:58,275] DEBUG (bot.bot) (bot.py#send:591): GET http://127.0.0.1:8080/events/get?token=test.tokex.XXXXXXXXXXX&pollTime=1&lastEventId=0
User-Agent: None/base (uin=test.tokex.XXXXXXXXXXX) bot-python/0.0.21
Accept-Encoding: gzip, deflate
Accept: */*
Connection: keep-alive

[2024.04.05 15:28:58,276] DEBUG (bot.bot) (bot.py#send:604): 200 OK
Server: BaseHTTP/0.6 Python/3.12.2
Date: Fri, 05 Apr 2024 12:28:58 GMT
Content-type: application/json

{"ok": false, "Description": "bad request"}

[2024.04.05 15:28:58,276] DEBUG (bot.bot) (bot.py#events_get:172): {'ok': False, 'Description': 'bad request'}

[2024.04.05 15:29:48,285] DEBUG (bot.bot) (bot.py#send:591): GET http://127.0.0.1:8080/events/get?token=test.tokex.XXXXXXXXXXX&pollTime=1&lastEventId=0
User-Agent: None/base (uin=test.tokex.XXXXXXXXXXX) bot-python/0.0.21
Accept-Encoding: gzip, deflate
Accept: */*
Connection: keep-alive

[2024.04.05 15:29:48,286] DEBUG (bot.bot) (bot.py#send:604): 200 OK
Server: BaseHTTP/0.6 Python/3.12.2
Date: Fri, 05 Apr 2024 12:29:48 GMT
Content-type: application/json

{"ok": false, "Description": "bad request"}

[2024.04.05 15:29:48,286] DEBUG (bot.bot) (bot.py#events_get:172): {'ok': False, 'Description': 'bad request'}

[2024.04.05 15:30:37,726] DEBUG (bot.bot) (bot.py#send:591): GET http://127.0.0.1:8080/events/get?token=test.tokex.XXXXXXXXXXX&pollTime=1&lastEventId=0
User-Agent: None/base (uin=test.tokex.XXXXXXXXXXX) bot-python/0.0.21
Accept-Encoding: gzip, deflate
Accept: */*
Connection: keep-alive

[2024.04.05 15:30:37,727] DEBUG (bot.bot) (bot.py#send:604): 200 OK
Server: BaseHTTP/0.6 Python/3.12.2
Date: Fri, 05 Apr 2024 12:30:37 GMT

[binary data]

[2024.04.05 15:30:37,727] DEBUG (bot.bot) (bot.py#events_get:172): {'ok': False, 'Description': 'bad request'}

[2024.04.05 15:33:29,963] DEBUG (bot.bot) (bot.py#send:591): GET http://127.0.0.1:8080/events/get?token=test.tokex.XXXXXXXXXXX&pollTime=1&lastEventId=0
User-Agent: None/base (uin=test.tokex.XXXXXXXXXXX) bot-python/0.0.21
Accept-Encoding: gzip, deflate
Accept: */*
Connection: keep-alive

[2024.04.05 15:33:29,963] DEBUG (bot.bot) (bot.py#send:604): 200 OK
Server: BaseHTTP/0.6 Python/3.12.2
Date: Fri, 05 Apr 2024 12:33:29 GMT

[binary data]

[2024.04.05 15:33:29,963] DEBUG (bot.bot) (bot.py#events_get:172): {'ok': False, 'Description': 'bad request'}

[2024.04.05 15:33:36,570] DEBUG (bot.bot) (bot.py#send:591): GET http://127.0.0.1:8080/events/get?token=test.tokex.XXXXXXXXXXX&pollTime=1&lastEventId=0
User-Agent: None/base (uin=test.tokex.XXXXXXXXXXX) bot-python/0.0.21
Accept-Encoding: gzip, deflate
Accept: */*
Connection: keep-alive

[2024.04.05 15:33:36,570] DEBUG (bot.bot) (bot.py#send:604): 200 OK
Server: BaseHTTP/0.6 Python/3.12.2
Date: Fri, 05 Apr 2024 12:33:36 GMT

[binary data]

[2024.04.05 15:33:36,570] DEBUG (bot.bot) (bot.py#events_get:172): {'ok': False, 'Description': 'bad request'}

[2024.04.05 15:34:00,766] DEBUG (bot.bot) (bot.py#send:591): GET http://127.0.0.1:8080/events/get?token=test.tokex.XXXXXXXXXXX&pollTime=1&lastEventId=0
User-Agent: None/base (uin=test.tokex.XXXXXXXXXXX) bot-python/0.0.21
Accept-Encoding: gzip, deflate
Accept: */*
Connection: keep-alive

[2024.04.05 15:34:00,767] DEBUG (bot.bot) (bot.py#send:604): 200 OK
Server: BaseHTTP/0.6 Python/3.12.2
Date: Fri, 05 Apr 2024 12:34:00 GMT

[binary data]

[2024.04.05 15:34:00,767] DEBUG (bot.bot) (bot.py#events_get:172): {'ok': False, 'Description': 'bad request'}

[2024.04.05 15:34:18,7] DEBUG (bot.bot) (bot.py#send:591): GET http://127.0.0.1:8080/events/get?token=test.tokex.XXXXXXXXXXX&pollTime=1&lastEventId=0
User-Agent: None/base (uin=test.tokex.XXXXXXXXXXX) bot-python/0.0.21
Accept-Encoding: gzip, deflate
Accept: */*
Connection: keep-alive

[2024.04.05 15:34:18,7] DEBUG (bot.bot) (bot.py#send:604): 200 OK
Server: BaseHTTP/0.6 Python/3.12.2
Date: Fri, 05 Apr 2024 12:34:18 GMT

[binary data]

[2024.04.05 15:34:18,8] DEBUG (bot.bot) (bot.py#events_get:172): {'ok': False, 'Description': 'bad request'}

[2024.04.05 15:34:43,128] DEBUG (bot.bot) (bot.py#send:591): GET http://127.0.0.1:8080/events/get?token=test.tokex.XXXXXXXXXXX&pollTime=1&lastEventId=0
User-Agent: None/base (uin=test.tokex.XXXXXXXXXXX) bot-python/0.0.21
Accept-Encoding: gzip, deflate
Accept: */*
Connection: keep-alive

[2024.04.05 15:34:43,128] DEBUG (bot.bot) (bot.py#send:604): 200 OK
Server: BaseHTTP/0.6 Python/3.12.2
Date: Fri, 05 Apr 2024 12:34:43 GMT

[binary data]

[2024.04.05 15:34:43,128] DEBUG (bot.bot) (bot.py#events_get:172): {'ok': False, 'Description': 'bad request'}

[2024.04.05 15:39:22,893] DEBUG (bot.bot) (bot.py#send:591): GET http://127.0.0.1:8080/events/get?token=test.tokex.XXXXXXXXXXX&pollTime=1&lastEventId=0
User-Agent: None/base (uin=test.tokex.XXXXXXXXXXX) bot-python/0.0.21
Accept-Encoding: gzip, deflate
Accept: */*
Connection: keep-alive

[2024.04.05 15:39:22,894] DEBUG (bot.bot) (bot.py#send:604): 200 OK
Server: BaseHTTP/0.6 Python/3.12.2
Date: Fri, 05 Apr 2024 12:39:22 GMT

[binary data]

[2024.04.05 15:39:22,894] DEBUG (bot.bot) (bot.py#events_get:172): {'ok': False, 'description': 'bad request'}

[2024.04.05 15:39:58,351] DEBUG (bot.bot) (bot.py#send:591): GET http://127.0.0.1:8080/events/get?token=test.tokex.XXXXXXXXXXX&pollTime=1&lastEventId=0
User-Agent: None/base (uin=test.tokex.XXXXXXXXXXX) bot-python/0.0.21
Accept-Encoding: gzip, deflate
Accept: */*
Connection: keep-alive

[2024.04.05 15:39:58,352] DEBUG (bot.bot) (bot.py#send:604): 200 OK
Server: BaseHTTP/0.6 Python/3.12.2
Date: Fri, 05 Apr 2024 12:39:58 GMT

[binary data]

[2024.04.05 15:39:58,352] DEBUG (bot.bot) (bot.py#events_get:172): {'ok': False, 'description': 'bad request'}

[2024.04.05 15:40:21,872] DEBUG (bot.bot) (bot.py#send:591): GET http://127.0.0.1:8080/events/get?token=test.tokex.XXXXXXXXXXX&pollTime=1&lastEventId=0
User-Agent: None/base (uin=test.tokex.XXXXXXXXXXX) bot-python/0.0.21
Accept-Encoding: gzip, deflate
Accept: */*
Connection: keep-alive

[2024.04.05 15:40:21,873] DEBUG (bot.bot) (bot.py#send:604): 200 OK
Server: BaseHTTP/0.6 Python/3.12.2
Date: Fri, 05 Apr 2024 12:40:21 GMT

[binary data]

[2024.04.05 15:40:21,873] DEBUG (bot.bot) (bot.py#events_get:172): {'ok': False, 'description': 'bad request'}

[2024.04.05 15:42:20,944] DEBUG (bot.bot) (bot.py#send:594): GET http://127.0.0.1:8080/events/get?token=test.tokex.XXXXXXXXXXX&pollTime=1&lastEventId=0
User-Agent: None/base (uin=test.tokex.XXXXXXXXXXX) bot-python/0.0.21
Accept-Encoding: gzip, deflate
Accept: */*
Connection: keep-alive

[2024.04.05 15:42:20,944] DEBUG (bot.bot) (bot.py#send:607): 200 OK
Server: BaseHTTP/0.6 Python/3.12.2
Date: Fri, 05 Apr 2024 12:42:20 GMT

[binary data]

[2024.04.05 15:42:20,944] DEBUG (bot.bot) (bot.py#events_get:175): {'ok': False, 'description': 'bad request'}

[2024.04.05 15:45:27,251] DEBUG (bot.bot) (bot.py#send:592): GET http://127.0.0.1:8080/events/get?token=test.tokex.XXXXXXXXXXX&pollTime=1&lastEventId=0
User-Agent: None/base (uin=test.tokex.XXXXXXXXXXX) bot-python/0.0.21
Accept-Encoding: gzip, deflate
Accept: */*
Connection: keep-alive

[2024.04.05 15:45:27,252] DEBUG (bot.bot) (bot.py#send:605): 200 OK
Server: BaseHTTP/0.6 Python/3.12.2
Date: Fri, 05 Apr 2024 12:45:27 GMT

[binary data]

[2024.04.05 15:45:27,252] DEBUG (bot.bot) (bot.py#events_get:173): {'ok': False, 'description': 'bad request'}

[2024.04.05 16:21:20,884] DEBUG (bot.bot) (bot.py#send:592): GET http://localhost:8080/events/get?token=XXX.XXXXXXXXXX.XXXXXXXXXX%3AXXXXXXXXX&pollTime=1&lastEventId=0
User-Agent: None/base (uin=XXXXXXXXX) bot-python/0.0.21
Accept-Encoding: gzip, deflate
Accept: */*
Connection: keep-alive

[2024.04.05 16:21:20,885] DEBUG (bot.bot) (bot.py#send:605): 200 OK
Server: BaseHTTP/0.6 Python/3.12.2
Date: Fri, 05 Apr 2024 13:21:20 GMT

[binary data]

[2024.04.05 16:21:20,885] DEBUG (bot.bot) (bot.py#events_get:173): {'ok': False, 'description': 'bad request'}

[2024.04.05 16:21:48,395] DEBUG (bot.bot) (bot.py#send:592): GET http://localhost:8080/events/get?token=XXX.XXXXXXXXXX.XXXXXXXXXX%3AXXXXXXXXX&pollTime=1&lastEventId=0
User-Agent: None/base (uin=XXXXXXXXX) bot-python/0.0.21
Accept-Encoding: gzip, deflate
Accept: */*
Connection: keep-alive

[2024.04.05 16:21:48,396] DEBUG (bot.bot) (bot.py#send:605): 200 OK
Server: BaseHTTP/0.6 Python/3.12.2
Date: Fri, 05 Apr 2024 13:21:48 GMT

[binary data]

[2024.04.05 16:21:48,396] DEBUG (bot.bot) (bot.py#events_get:173): {'ok': False, 'Description': 'bad request'}

[2024.04.05 16:32:45,440] DEBUG (bot.bot) (bot.py#send:592): GET http://localhost:8080/self/get?token=XXX.XXXXXXXXXX.XXXXXXXXXX%3AXXXXXXXXX
User-Agent: None/base (uin=XXXXXXXXX) bot-python/0.0.21
Accept-Encoding: gzip, deflate
Accept: */*
Connection: keep-alive

[2024.04.05 16:32:45,441] DEBUG (bot.bot) (bot.py#send:605): 200 OK
Server: BaseHTTP/0.6 Python/3.12.2
Date: Fri, 05 Apr 2024 13:32:45 GMT

[binary data]

[2024.04.05 16:32:45,453] DEBUG (bot.bot) (bot.py#send:592): GET http://localhost:8080/chats/getInfo?token=XXX.XXXXXXXXXX.XXXXXXXXXX%3AXXXXXXXXX&chatId=XXXXX
User-Agent: None/base (uin=XXXXXXXXX) bot-python/0.0.21
Accept-Encoding: gzip, deflate
Accept: */*
Connection: keep-alive

[2024.04.05 16:32:45,454] DEBUG (bot.bot) (bot.py#send:605): 200 OK
Server: BaseHTTP/0.6 Python/3.12.2
Date: Fri, 05 Apr 2024 13:32:45 GMT

[binary data]

[2024.04.05 16:32:45,456] DEBUG (bot.bot) (bot.py#send:592): GET http://localhost:8080/chats/getInfo?token=XXX.XXXXXXXXXX.XXXXXXXXXX%3AXXXXXXXXX&chatId=111
User-Agent: None/base (uin=XXXXXXXXX) bot-python/0.0.21
Accept-Encoding: gzip, deflate
Accept: */*
Connection: keep-alive

[2024.04.05 16:32:45,457] DEBUG (bot.bot) (bot.py#send:605): 200 OK
Server: BaseHTTP/0.6 Python/3.12.2
Date: Fri, 05 Apr 2024 13:32:45 GMT

[binary data]

[2024.04.05 16:33:11,863] DEBUG (bot.bot) (bot.py#send:592): GET http://localhost:8080/events/get?token=XXX.XXXXXXXXXX.XXXXXXXXXX%3AXXXXXXXXX&pollTime=1&lastEventId=0
User-Agent: None/base (uin=XXXXXXXXX) bot-python/0.0.21
Accept-Encoding: gzip, deflate
Accept: */*
Connection: keep-alive

[2024.04.05 16:33:11,865] DEBUG (bot.bot) (bot.py#send:605): 200 OK
Server: BaseHTTP/0.6 Python/3.12.2
Date: Fri, 05 Apr 2024 13:33:11 GMT

[binary data]

[2024.04.05 16:33:11,865] DEBUG (bot.bot) (bot.py#events_get:173): {'ok': False, 'Description': 'bad request'}

[2024.04.05 16:33:11,878] DEBUG (bot.bot) (bot.py#send:592): GET http://localhost:8080/self/get?token=XXX.XXXXXXXXXX.XXXXXXXXXX%3AXXXXXXXXX
User-Agent: None/base (uin=XXXXXXXXX) bot-python/0.0.21
Accept-Encoding: gzip, deflate
Accept: */*
Connection: keep-alive

[2024.04.05 16:33:11,879] DEBUG (bot.bot) (bot.py#send:605): 200 OK
Server: BaseHTTP/0.6 Python/3.12.2
Date: Fri, 05 Apr 2024 13:33:11 GMT

[binary data]

[2024.04.05 16:33:11,881] DEBUG (bot.bot) (bot.py#send:592): GET http://localhost:8080/chats/getInfo?token=XXX.XXXXXXXXXX.XXXXXXXXXX%3AXXXXXXXXX&chatId=XXXXX
User-Agent: None/base (uin=XXXXXXXXX) bot-python/0.0.21
Accept-Encoding: gzip, deflate
Accept: */*
Connection: keep-alive

[2024.04.05 16:33:11,882] DEBUG (bot.bot) (bot.py#send:605): 200 OK
Server: BaseHTTP/0.6 Python/3.12.2
Date: Fri, 05 Apr 2024 13:33:11 GMT

[binary data]

[2024.04.05 16:33:11,884] DEBUG (bot.bot) (bot.py#send:592): GET http://localhost:8080/chats/getInfo?token=XXX.XXXXXXXXXX.XXXXXXXXXX%3AXXXXXXXXX&chatId=111
User-Agent: None/base (uin=XXXXXXXXX) bot-python/0.0.21
Accept-Encoding: gzip, deflate
Accept: */*
Connection: keep-alive

[2024.04.05 16:33:11,885] DEBUG (bot.bot) (bot.py#send:605): 200 OK
Server: BaseHTTP/0.6 Python/3.12.2
Date: Fri, 05 Apr 2024 13:33:11 GMT

[binary data]

[2024.04.05 17:16:34,860] DEBUG (bot.bot) (bot.py#send:592): GET http://localhost:8080/events/get?token=XXX.XXXXXXXXXX.XXXXXXXXXX%3AXXXXXXXXX&pollTime=1&lastEventId=0
User-Agent: test_bot/base (uin=XXXXXXXXX) bot-python/0.0.21
Accept-Encoding: gzip, deflate
Accept: */*
Connection: keep-alive

[2024.04.05 17:16:34,861] DEBUG (bot.bot) (bot.py#send:605): 200 OK
Server: BaseHTTP/0.6 Python/3.12.2
Date: Fri, 05 Apr 2024 14:16:34 GMT
Content-Type: application/json

{			"ok": true,		    "events": [                {                    "eventId": 1,                    "type": "newMessage",                    "payload": {                        "msgId": "57883346846815030",                        "chat": {                            "chatId": "681869378@chat.agent",                            "type": "channel",                            "title": "The best channel"                        },                        "from": {                            "userId": "1234567890",                            "firstName": "Name",                            "lastName": "SurName"                        },                        "timestamp": 1546290000,                        "text": "Hello!",                        "parts": [                            {                                "type": "sticker",                                "payload": {                                    "fileId": "2IWuJzaNWCJZxJWCvZhDYuJ5XDsr7hU"                                }                            }                        ]                    }                },                {                    "eventId": 2,                    "type": "editedMessage",                    "payload": {                        "msgId": "57883346846815030",                        "chat": {                            "chatId": "681869378@chat.agent",                            "type": "channel",                            "title": "The best channel"                        },                        "from": {                            "userId": "1234567890",                            "firstName": "Name",                            "lastName": "SurName"                        },                        "timestamp": 1546290000,                        "text": "Hello!",                        "editedTimestamp": 1546290099                    }                }            ]        }

[2024.04.05 17:16:34,861] DEBUG (bot.bot) (bot.py#events_get:173): {'ok': True, 'events': [{'eventId': 1, 'type': 'newMessage', 'payload': {'msgId': '57883346846815030', 'chat': {'chatId': '681869378@chat.agent', 'type': 'channel', 'title': 'The best channel'}, 'from': {'userId': '1234567890', 'firstName': 'Name', 'lastName': 'SurName'}, 'timestamp': 1546290000, 'text': 'Hello!', 'parts': [{'type': 'sticker', 'payload': {'fileId': '2IWuJzaNWCJZxJWCvZhDYuJ5XDsr7hU'}}]}}, {'eventId': 2, 'type': 'editedMessage', 'payload': {'msgId': '57883346846815030', 'chat': {'chatId': '681869378@chat.agent', 'type': 'channel', 'title': 'The best channel'}, 'from': {'userId': '1234567890', 'firstName': 'Name', 'lastName': 'SurName'}, 'timestamp': 1546290000, 'text': 'Hello!', 'editedTimestamp': 1546290099}}]}

[2024.04.05 17:16:34,862] DEBUG (bot.bot) (bot.py#send:592): GET http://localhost:8080/self/get?token=XXX.XXXXXXXXXX.XXXXXXXXXX%3AXXXXXXXXX
User-Agent: test_bot/base (uin=XXXXXXXXX) bot-python/0.0.21
Accept-Encoding: gzip, deflate
Accept: */*
Connection: keep-alive

[2024.04.05 17:16:34,862] DEBUG (bot.bot) (bot.py#send:605): 200 OK
Server: BaseHTTP/0.6 Python/3.12.2
Date: Fri, 05 Apr 2024 14:16:34 GMT
Content-Type: application/json

{            "firstName": "test_bot",            "nick": "test_bot",            "userId": "100000",            "ok": true        }

[2024.04.05 17:16:34,863] DEBUG (bot.bot) (bot.py#send:592): GET http://localhost:8080/chats/getInfo?token=XXX.XXXXXXXXXX.XXXXXXXXXX%3AXXXXXXXXX&chatId=XXXXX
User-Agent: test_bot/base (uin=XXXXXXXXX) bot-python/0.0.21
Accept-Encoding: gzip, deflate
Accept: */*
Connection: keep-alive

[2024.04.05 17:16:34,864] DEBUG (bot.bot) (bot.py#send:605): 200 OK
Server: BaseHTTP/0.6 Python/3.12.2
Date: Fri, 05 Apr 2024 14:16:34 GMT
Content-Type: application/json



[2024.04.05 17:16:34,887] DEBUG (bot.bot) (bot.py#send:592): GET http://localhost:8080/chats/getInfo?token=XXX.XXXXXXXXXX.XXXXXXXXXX%3AXXXXXXXXX&chatId=111
User-Agent: test_bot/base (uin=XXXXXXXXX) bot-python/0.0.21
Accept-Encoding: gzip, deflate
Accept: */*
Connection: keep-alive

[2024.04.05 17:16:34,888] DEBUG (bot.bot) (bot.py#send:605): 200 OK
Server: BaseHTTP/0.6 Python/3.12.2
Date: Fri, 05 Apr 2024 14:16:34 GMT
Content-Type: application/json



[2024.04.05 17:23:58,792] DEBUG (bot.bot) (bot.py#send:592): GET http://localhost:8080/events/get?token=XXX.XXXXXXXXXX.XXXXXXXXXX%3AXXXXXXXXX&pollTime=1&lastEventId=0
User-Agent: test_bot/base (uin=XXXXXXXXX) bot-python/0.0.21
Accept-Encoding: gzip, deflate
Accept: */*
Connection: keep-alive

[2024.04.05 17:23:58,793] DEBUG (bot.bot) (bot.py#send:605): 200 OK
Server: BaseHTTP/0.6 Python/3.12.2
Date: Fri, 05 Apr 2024 14:23:58 GMT
Content-Type: application/json

{			"ok": true,		    "events": [                {                    "eventId": 1,                    "type": "newMessage",                    "payload": {                        "msgId": "57883346846815030",                        "chat": {                            "chatId": "681869378@chat.agent",                            "type": "channel",                            "title": "The best channel"                        },                        "from": {                            "userId": "1234567890",                            "firstName": "Name",                            "lastName": "SurName"                        },                        "timestamp": 1546290000,                        "text": "Hello!",                        "parts": [                            {                                "type": "sticker",                                "payload": {                                    "fileId": "2IWuJzaNWCJZxJWCvZhDYuJ5XDsr7hU"                                }                            }                        ]                    }                },                {                    "eventId": 2,                    "type": "editedMessage",                    "payload": {                        "msgId": "57883346846815030",                        "chat": {                            "chatId": "681869378@chat.agent",                            "type": "channel",                            "title": "The best channel"                        },                        "from": {                            "userId": "1234567890",                            "firstName": "Name",                            "lastName": "SurName"                        },                        "timestamp": 1546290000,                        "text": "Hello!",                        "editedTimestamp": 1546290099                    }                }            ]        }

[2024.04.05 17:23:58,793] DEBUG (bot.bot) (bot.py#events_get:173): {'ok': True, 'events': [{'eventId': 1, 'type': 'newMessage', 'payload': {'msgId': '57883346846815030', 'chat': {'chatId': '681869378@chat.agent', 'type': 'channel', 'title': 'The best channel'}, 'from': {'userId': '1234567890', 'firstName': 'Name', 'lastName': 'SurName'}, 'timestamp': 1546290000, 'text': 'Hello!', 'parts': [{'type': 'sticker', 'payload': {'fileId': '2IWuJzaNWCJZxJWCvZhDYuJ5XDsr7hU'}}]}}, {'eventId': 2, 'type': 'editedMessage', 'payload': {'msgId': '57883346846815030', 'chat': {'chatId': '681869378@chat.agent', 'type': 'channel', 'title': 'The best channel'}, 'from': {'userId': '1234567890', 'firstName': 'Name', 'lastName': 'SurName'}, 'timestamp': 1546290000, 'text': 'Hello!', 'editedTimestamp': 1546290099}}]}

[2024.04.05 17:23:58,794] DEBUG (bot.bot) (bot.py#send:592): GET http://localhost:8080/self/get?token=XXX.XXXXXXXXXX.XXXXXXXXXX%3AXXXXXXXXX
User-Agent: test_bot/base (uin=XXXXXXXXX) bot-python/0.0.21
Accept-Encoding: gzip, deflate
Accept: */*
Connection: keep-alive

[2024.04.05 17:23:58,795] DEBUG (bot.bot) (bot.py#send:605): 200 OK
Server: BaseHTTP/0.6 Python/3.12.2
Date: Fri, 05 Apr 2024 14:23:58 GMT
Content-Type: application/json

{            "firstName": "test_bot",            "nick": "test_bot",            "userId": "100000",            "ok": true        }

[2024.04.05 17:23:58,795] DEBUG (bot.bot) (bot.py#send:592): GET http://localhost:8080/chats/getInfo?token=XXX.XXXXXXXXXX.XXXXXXXXXX%3AXXXXXXXXX&chatId=XXXXX
User-Agent: test_bot/base (uin=XXXXXXXXX) bot-python/0.0.21
Accept-Encoding: gzip, deflate
Accept: */*
Connection: keep-alive

[2024.04.05 17:23:58,796] DEBUG (bot.bot) (bot.py#send:605): 200 OK
Server: BaseHTTP/0.6 Python/3.12.2
Date: Fri, 05 Apr 2024 14:23:58 GMT
Content-Type: application/json

{            "about": "some text",            "firstName": "first",            "language": "en",            "lastName": "last",            "type": "private",            "ok": true        }

[2024.04.05 17:23:58,797] DEBUG (bot.bot) (bot.py#send:592): GET http://localhost:8080/chats/getInfo?token=XXX.XXXXXXXXXX.XXXXXXXXXX%3AXXXXXXXXX&chatId=111
User-Agent: test_bot/base (uin=XXXXXXXXX) bot-python/0.0.21
Accept-Encoding: gzip, deflate
Accept: */*
Connection: keep-alive

[2024.04.05 17:23:58,798] DEBUG (bot.bot) (bot.py#send:605): 200 OK
Server: BaseHTTP/0.6 Python/3.12.2
Date: Fri, 05 Apr 2024 14:23:58 GMT
Content-Type: application/json

{            "about": "some text",            "firstName": "first",            "language": "en",            "lastName": "last",            "type": "private",            "ok": true        }

[2024.04.05 17:27:45,634] DEBUG (bot.bot) (bot.py#send:592): GET http://localhost:8080/events/get?token=XXX.XXXXXXXXXX.XXXXXXXXXX%3AXXXXXXXXX&pollTime=1&lastEventId=0
User-Agent: test_bot/base (uin=XXXXXXXXX) bot-python/0.0.21
Accept-Encoding: gzip, deflate
Accept: */*
Connection: keep-alive

[2024.04.05 17:27:45,635] DEBUG (bot.bot) (bot.py#send:605): 200 OK
Server: BaseHTTP/0.6 Python/3.12.2
Date: Fri, 05 Apr 2024 14:27:45 GMT
Content-Type: application/json

{			"ok": true,		    "events": [                {                    "eventId": 1,                    "type": "newMessage",                    "payload": {                        "msgId": "57883346846815030",                        "chat": {                            "chatId": "681869378@chat.agent",                            "type": "channel",                            "title": "The best channel"                        },                        "from": {                            "userId": "1234567890",                            "firstName": "Name",                            "lastName": "SurName"                        },                        "timestamp": 1546290000,                        "text": "Hello!",                        "parts": [                            {                                "type": "sticker",                                "payload": {                                    "fileId": "2IWuJzaNWCJZxJWCvZhDYuJ5XDsr7hU"                                }                            }                        ]                    }                },                {                    "eventId": 2,                    "type": "editedMessage",                    "payload": {                        "msgId": "57883346846815030",                        "chat": {                            "chatId": "681869378@chat.agent",                            "type": "channel",                            "title": "The best channel"                        },                        "from": {                            "userId": "1234567890",                            "firstName": "Name",                            "lastName": "SurName"                        },                        "timestamp": 1546290000,                        "text": "Hello!",                        "editedTimestamp": 1546290099                    }                }            ]        }

[2024.04.05 17:27:45,636] DEBUG (bot.bot) (bot.py#events_get:173): {'ok': True, 'events': [{'eventId': 1, 'type': 'newMessage', 'payload': {'msgId': '57883346846815030', 'chat': {'chatId': '681869378@chat.agent', 'type': 'channel', 'title': 'The best channel'}, 'from': {'userId': '1234567890', 'firstName': 'Name', 'lastName': 'SurName'}, 'timestamp': 1546290000, 'text': 'Hello!', 'parts': [{'type': 'sticker', 'payload': {'fileId': '2IWuJzaNWCJZxJWCvZhDYuJ5XDsr7hU'}}]}}, {'eventId': 2, 'type': 'editedMessage', 'payload': {'msgId': '57883346846815030', 'chat': {'chatId': '681869378@chat.agent', 'type': 'channel', 'title': 'The best channel'}, 'from': {'userId': '1234567890', 'firstName': 'Name', 'lastName': 'SurName'}, 'timestamp': 1546290000, 'text': 'Hello!', 'editedTimestamp': 1546290099}}]}

[2024.04.05 17:27:45,637] DEBUG (bot.bot) (bot.py#send:592): GET http://localhost:8080/self/get?token=XXX.XXXXXXXXXX.XXXXXXXXXX%3AXXXXXXXXX
User-Agent: test_bot/base (uin=XXXXXXXXX) bot-python/0.0.21
Accept-Encoding: gzip, deflate
Accept: */*
Connection: keep-alive

[2024.04.05 17:27:45,637] DEBUG (bot.bot) (bot.py#send:605): 200 OK
Server: BaseHTTP/0.6 Python/3.12.2
Date: Fri, 05 Apr 2024 14:27:45 GMT
Content-Type: application/json

{            "firstName": "test_bot",            "nick": "test_bot",            "userId": "100000",            "ok": true        }

[2024.04.05 17:27:45,640] DEBUG (bot.bot) (bot.py#send:592): GET http://localhost:8080/chats/getInfo?token=XXX.XXXXXXXXXX.XXXXXXXXXX%3AXXXXXXXXX&chatId=XXXXX
User-Agent: test_bot/base (uin=XXXXXXXXX) bot-python/0.0.21
Accept-Encoding: gzip, deflate
Accept: */*
Connection: keep-alive

[2024.04.05 17:27:45,641] DEBUG (bot.bot) (bot.py#send:605): 200 OK
Server: BaseHTTP/0.6 Python/3.12.2
Date: Fri, 05 Apr 2024 14:27:45 GMT
Content-Type: application/json

{            "about": "some text",            "firstName": "first",            "language": "en",            "lastName": "last",            "type": "private",            "ok": true        }

[2024.04.05 17:27:45,642] DEBUG (bot.bot) (bot.py#send:592): GET http://localhost:8080/chats/getInfo?token=XXX.XXXXXXXXXX.XXXXXXXXXX%3AXXXXXXXXX&chatId=111
User-Agent: test_bot/base (uin=XXXXXXXXX) bot-python/0.0.21
Accept-Encoding: gzip, deflate
Accept: */*
Connection: keep-alive

[2024.04.05 17:27:45,643] DEBUG (bot.bot) (bot.py#send:605): 200 OK
Server: BaseHTTP/0.6 Python/3.12.2
Date: Fri, 05 Apr 2024 14:27:45 GMT
Content-Type: application/json

{            "about": "some text",            "firstName": "first",            "language": "en",            "lastName": "last",            "type": "private",            "ok": true        }

[2024.04.05 17:34:11,809] DEBUG (bot.bot) (bot.py#send:592): GET http://localhost:8080/events/get?token=XXX.XXXXXXXXXX.XXXXXXXXXX%3AXXXXXXXXX&pollTime=1&lastEventId=0
User-Agent: test_bot/base (uin=XXXXXXXXX) bot-python/0.0.21
Accept-Encoding: gzip, deflate
Accept: */*
Connection: keep-alive

[2024.04.05 17:34:11,810] DEBUG (bot.bot) (bot.py#send:605): 200 OK
Server: BaseHTTP/0.6 Python/3.12.2
Date: Fri, 05 Apr 2024 14:34:11 GMT
Content-Type: application/json

{			"ok": true,		    "events": [                {                    "eventId": 1,                    "type": "newMessage",                    "payload": {                        "msgId": "57883346846815030",                        "chat": {                            "chatId": "681869378@chat.agent",                            "type": "channel",                            "title": "The best channel"                        },                        "from": {                            "userId": "1234567890",                            "firstName": "Name",                            "lastName": "SurName"                        },                        "timestamp": 1546290000,                        "text": "Hello!",                        "parts": [                            {                                "type": "sticker",                                "payload": {                                    "fileId": "2IWuJzaNWCJZxJWCvZhDYuJ5XDsr7hU"                                }                            }                        ]                    }                },                {                    "eventId": 2,                    "type": "editedMessage",                    "payload": {                        "msgId": "57883346846815030",                        "chat": {                            "chatId": "681869378@chat.agent",                            "type": "channel",                            "title": "The best channel"                        },                        "from": {                            "userId": "1234567890",                            "firstName": "Name",                            "lastName": "SurName"                        },                        "timestamp": 1546290000,                        "text": "Hello!",                        "editedTimestamp": 1546290099                    }                }            ]        }

[2024.04.05 17:34:11,810] DEBUG (bot.bot) (bot.py#events_get:173): {'ok': True, 'events': [{'eventId': 1, 'type': 'newMessage', 'payload': {'msgId': '57883346846815030', 'chat': {'chatId': '681869378@chat.agent', 'type': 'channel', 'title': 'The best channel'}, 'from': {'userId': '1234567890', 'firstName': 'Name', 'lastName': 'SurName'}, 'timestamp': 1546290000, 'text': 'Hello!', 'parts': [{'type': 'sticker', 'payload': {'fileId': '2IWuJzaNWCJZxJWCvZhDYuJ5XDsr7hU'}}]}}, {'eventId': 2, 'type': 'editedMessage', 'payload': {'msgId': '57883346846815030', 'chat': {'chatId': '681869378@chat.agent', 'type': 'channel', 'title': 'The best channel'}, 'from': {'userId': '1234567890', 'firstName': 'Name', 'lastName': 'SurName'}, 'timestamp': 1546290000, 'text': 'Hello!', 'editedTimestamp': 1546290099}}]}

[2024.04.05 17:34:11,811] DEBUG (bot.bot) (bot.py#send:592): GET http://localhost:8080/self/get?token=XXX.XXXXXXXXXX.XXXXXXXXXX%3AXXXXXXXXX
User-Agent: test_bot/base (uin=XXXXXXXXX) bot-python/0.0.21
Accept-Encoding: gzip, deflate
Accept: */*
Connection: keep-alive

[2024.04.05 17:34:11,812] DEBUG (bot.bot) (bot.py#send:605): 200 OK
Server: BaseHTTP/0.6 Python/3.12.2
Date: Fri, 05 Apr 2024 14:34:11 GMT
Content-Type: application/json

{            "firstName": "test_bot",            "nick": "test_bot",            "userId": "100000",            "ok": true        }

[2024.04.05 17:34:11,815] DEBUG (bot.bot) (bot.py#send:592): GET http://localhost:8080/chats/getInfo?token=XXX.XXXXXXXXXX.XXXXXXXXXX%3AXXXXXXXXX&chatId=XXXXX
User-Agent: test_bot/base (uin=XXXXXXXXX) bot-python/0.0.21
Accept-Encoding: gzip, deflate
Accept: */*
Connection: keep-alive

[2024.04.05 17:34:11,815] DEBUG (bot.bot) (bot.py#send:605): 200 OK
Server: BaseHTTP/0.6 Python/3.12.2
Date: Fri, 05 Apr 2024 14:34:11 GMT
Content-Type: application/json

{            "about": "some text",            "firstName": "first",            "language": "en",            "lastName": "last",            "type": "private",            "ok": true        }

[2024.04.05 17:34:11,816] DEBUG (bot.bot) (bot.py#send:592): GET http://localhost:8080/chats/getInfo?token=XXX.XXXXXXXXXX.XXXXXXXXXX%3AXXXXXXXXX&chatId=111
User-Agent: test_bot/base (uin=XXXXXXXXX) bot-python/0.0.21
Accept-Encoding: gzip, deflate
Accept: */*
Connection: keep-alive

[2024.04.05 17:34:11,817] DEBUG (bot.bot) (bot.py#send:605): 200 OK
Server: BaseHTTP/0.6 Python/3.12.2
Date: Fri, 05 Apr 2024 14:34:11 GMT
Content-Type: application/json

{            "about": "some text",            "firstName": "first",            "language": "en",            "lastName": "last",            "type": "private",            "ok": true        }

[2024.04.05 17:37:12,378] DEBUG (bot.bot) (bot.py#send:592): GET http://localhost:8080/events/get?token=XXX.XXXXXXXXXX.XXXXXXXXXX%3AXXXXXXXXX&pollTime=1&lastEventId=0
User-Agent: test_bot/base (uin=XXXXXXXXX) bot-python/0.0.21
Accept-Encoding: gzip, deflate
Accept: */*
Connection: keep-alive

[2024.04.05 17:37:12,379] DEBUG (bot.bot) (bot.py#send:605): 200 OK
Server: BaseHTTP/0.6 Python/3.12.2
Date: Fri, 05 Apr 2024 14:37:12 GMT
Content-Type: application/json

{			"ok": true,		    "events": [                {                    "eventId": 1,                    "type": "newMessage",                    "payload": {                        "msgId": "57883346846815030",                        "chat": {                            "chatId": "681869378@chat.agent",                            "type": "channel",                            "title": "The best channel"                        },                        "from": {                            "userId": "1234567890",                            "firstName": "Name",                            "lastName": "SurName"                        },                        "timestamp": 1546290000,                        "text": "Hello!",                        "parts": [                            {                                "type": "sticker",                                "payload": {                                    "fileId": "2IWuJzaNWCJZxJWCvZhDYuJ5XDsr7hU"                                }                            }                        ]                    }                },                {                    "eventId": 2,                    "type": "editedMessage",                    "payload": {                        "msgId": "57883346846815030",                        "chat": {                            "chatId": "681869378@chat.agent",                            "type": "channel",                            "title": "The best channel"                        },                        "from": {                            "userId": "1234567890",                            "firstName": "Name",                            "lastName": "SurName"                        },                        "timestamp": 1546290000,                        "text": "Hello!",                        "editedTimestamp": 1546290099                    }                }            ]        }

[2024.04.05 17:37:12,379] DEBUG (bot.bot) (bot.py#events_get:173): {'ok': True, 'events': [{'eventId': 1, 'type': 'newMessage', 'payload': {'msgId': '57883346846815030', 'chat': {'chatId': '681869378@chat.agent', 'type': 'channel', 'title': 'The best channel'}, 'from': {'userId': '1234567890', 'firstName': 'Name', 'lastName': 'SurName'}, 'timestamp': 1546290000, 'text': 'Hello!', 'parts': [{'type': 'sticker', 'payload': {'fileId': '2IWuJzaNWCJZxJWCvZhDYuJ5XDsr7hU'}}]}}, {'eventId': 2, 'type': 'editedMessage', 'payload': {'msgId': '57883346846815030', 'chat': {'chatId': '681869378@chat.agent', 'type': 'channel', 'title': 'The best channel'}, 'from': {'userId': '1234567890', 'firstName': 'Name', 'lastName': 'SurName'}, 'timestamp': 1546290000, 'text': 'Hello!', 'editedTimestamp': 1546290099}}]}

[2024.04.05 17:37:12,380] DEBUG (bot.bot) (bot.py#send:592): GET http://localhost:8080/self/get?token=XXX.XXXXXXXXXX.XXXXXXXXXX%3AXXXXXXXXX
User-Agent: test_bot/base (uin=XXXXXXXXX) bot-python/0.0.21
Accept-Encoding: gzip, deflate
Accept: */*
Connection: keep-alive

[2024.04.05 17:37:12,381] DEBUG (bot.bot) (bot.py#send:605): 200 OK
Server: BaseHTTP/0.6 Python/3.12.2
Date: Fri, 05 Apr 2024 14:37:12 GMT
Content-Type: application/json

{            "firstName": "test_bot",            "nick": "test_bot",            "userId": "100000",            "ok": true        }

[2024.04.05 17:37:12,384] DEBUG (bot.bot) (bot.py#send:592): GET http://localhost:8080/chats/getInfo?token=XXX.XXXXXXXXXX.XXXXXXXXXX%3AXXXXXXXXX&chatId=XXXXX
User-Agent: test_bot/base (uin=XXXXXXXXX) bot-python/0.0.21
Accept-Encoding: gzip, deflate
Accept: */*
Connection: keep-alive

[2024.04.05 17:37:12,385] DEBUG (bot.bot) (bot.py#send:605): 200 OK
Server: BaseHTTP/0.6 Python/3.12.2
Date: Fri, 05 Apr 2024 14:37:12 GMT
Content-Type: application/json

{            "about": "some text",            "firstName": "first",            "language": "en",            "lastName": "last",            "type": "private",            "ok": true        }

[2024.04.05 17:37:12,386] DEBUG (bot.bot) (bot.py#send:592): GET http://localhost:8080/chats/getInfo?token=XXX.XXXXXXXXXX.XXXXXXXXXX%3AXXXXXXXXX&chatId=111
User-Agent: test_bot/base (uin=XXXXXXXXX) bot-python/0.0.21
Accept-Encoding: gzip, deflate
Accept: */*
Connection: keep-alive

[2024.04.05 17:37:12,386] DEBUG (bot.bot) (bot.py#send:605): 200 OK
Server: BaseHTTP/0.6 Python/3.12.2
Date: Fri, 05 Apr 2024 14:37:12 GMT
Content-Type: application/json

{            "about": "some text",            "firstName": "first",            "language": "en",            "lastName": "last",            "type": "private",            "ok": true        }

[2024.04.05 17:39:18,551] DEBUG (bot.bot) (bot.py#send:592): GET http://localhost:8080/events/get?token=XXX.XXXXXXXXXX.XXXXXXXXXX%3AXXXXXXXXX&pollTime=1&lastEventId=0
User-Agent: test_bot/base (uin=XXXXXXXXX) bot-python/0.0.21
Accept-Encoding: gzip, deflate
Accept: */*
Connection: keep-alive

[2024.04.05 17:39:18,552] DEBUG (bot.bot) (bot.py#send:605): 200 OK
Server: BaseHTTP/0.6 Python/3.12.2
Date: Fri, 05 Apr 2024 14:39:18 GMT
Content-Type: application/json

{			"ok": true,		    "events": [                {                    "eventId": 1,                    "type": "newMessage",                    "payload": {                        "msgId": "57883346846815030",                        "chat": {                            "chatId": "681869378@chat.agent",                            "type": "channel",                            "title": "The best channel"                        },                        "from": {                            "userId": "1234567890",                            "firstName": "Name",                            "lastName": "SurName"                        },                        "timestamp": 1546290000,                        "text": "Hello!",                        "parts": [                            {                                "type": "sticker",                                "payload": {                                    "fileId": "2IWuJzaNWCJZxJWCvZhDYuJ5XDsr7hU"                                }                            }                        ]                    }                },                {                    "eventId": 2,                    "type": "editedMessage",                    "payload": {                        "msgId": "57883346846815030",                        "chat": {                            "chatId": "681869378@chat.agent",                            "type": "channel",                            "title": "The best channel"                        },                        "from": {                            "userId": "1234567890",                            "firstName": "Name",                            "lastName": "SurName"                        },                        "timestamp": 1546290000,                        "text": "Hello!",                        "editedTimestamp": 1546290099                    }                }            ]        }

[2024.04.05 17:39:18,552] DEBUG (bot.bot) (bot.py#events_get:173): {'ok': True, 'events': [{'eventId': 1, 'type': 'newMessage', 'payload': {'msgId': '57883346846815030', 'chat': {'chatId': '681869378@chat.agent', 'type': 'channel', 'title': 'The best channel'}, 'from': {'userId': '1234567890', 'firstName': 'Name', 'lastName': 'SurName'}, 'timestamp': 1546290000, 'text': 'Hello!', 'parts': [{'type': 'sticker', 'payload': {'fileId': '2IWuJzaNWCJZxJWCvZhDYuJ5XDsr7hU'}}]}}, {'eventId': 2, 'type': 'editedMessage', 'payload': {'msgId': '57883346846815030', 'chat': {'chatId': '681869378@chat.agent', 'type': 'channel', 'title': 'The best channel'}, 'from': {'userId': '1234567890', 'firstName': 'Name', 'lastName': 'SurName'}, 'timestamp': 1546290000, 'text': 'Hello!', 'editedTimestamp': 1546290099}}]}

[2024.04.05 17:39:18,553] DEBUG (bot.bot) (bot.py#send:592): GET http://localhost:8080/self/get?token=XXX.XXXXXXXXXX.XXXXXXXXXX%3AXXXXXXXXX
User-Agent: test_bot/base (uin=XXXXXXXXX) bot-python/0.0.21
Accept-Encoding: gzip, deflate
Accept: */*
Connection: keep-alive

[2024.04.05 17:39:18,554] DEBUG (bot.bot) (bot.py#send:605): 200 OK
Server: BaseHTTP/0.6 Python/3.12.2
Date: Fri, 05 Apr 2024 14:39:18 GMT
Content-Type: application/json

{            "firstName": "test_bot",            "nick": "test_bot",            "userId": "100000",            "ok": true        }

[2024.04.05 17:39:18,555] DEBUG (bot.bot) (bot.py#send:592): GET http://localhost:8080/chats/getInfo?token=XXX.XXXXXXXXXX.XXXXXXXXXX%3AXXXXXXXXX&chatId=XXXXX
User-Agent: test_bot/base (uin=XXXXXXXXX) bot-python/0.0.21
Accept-Encoding: gzip, deflate
Accept: */*
Connection: keep-alive

[2024.04.05 17:39:18,555] DEBUG (bot.bot) (bot.py#send:605): 200 OK
Server: BaseHTTP/0.6 Python/3.12.2
Date: Fri, 05 Apr 2024 14:39:18 GMT
Content-Type: application/json

{            "about": "some text",            "firstName": "first",            "language": "en",            "lastName": "last",            "type": "private",            "ok": true        }

[2024.04.05 17:39:18,556] DEBUG (bot.bot) (bot.py#send:592): GET http://localhost:8080/chats/getInfo?token=XXX.XXXXXXXXXX.XXXXXXXXXX%3AXXXXXXXXX&chatId=111
User-Agent: test_bot/base (uin=XXXXXXXXX) bot-python/0.0.21
Accept-Encoding: gzip, deflate
Accept: */*
Connection: keep-alive

[2024.04.05 17:39:18,557] DEBUG (bot.bot) (bot.py#send:605): 200 OK
Server: BaseHTTP/0.6 Python/3.12.2
Date: Fri, 05 Apr 2024 14:39:18 GMT
Content-Type: application/json

{            "about": "some text",            "firstName": "first",            "language": "en",            "lastName": "last",            "type": "private",            "ok": true        }

[2024.04.05 17:39:27,270] DEBUG (bot.bot) (bot.py#send:592): GET http://localhost:8080/events/get?token=XXX.XXXXXXXXXX.XXXXXXXXXX%3AXXXXXXXXX&pollTime=1&lastEventId=0
User-Agent: test_bot/base (uin=XXXXXXXXX) bot-python/0.0.21
Accept-Encoding: gzip, deflate
Accept: */*
Connection: keep-alive

[2024.04.05 17:39:27,270] DEBUG (bot.bot) (bot.py#send:605): 200 OK
Server: BaseHTTP/0.6 Python/3.12.2
Date: Fri, 05 Apr 2024 14:39:27 GMT
Content-Type: application/json

{			"ok": true,		    "events": [                {                    "eventId": 1,                    "type": "newMessage",                    "payload": {                        "msgId": "57883346846815030",                        "chat": {                            "chatId": "681869378@chat.agent",                            "type": "channel",                            "title": "The best channel"                        },                        "from": {                            "userId": "1234567890",                            "firstName": "Name",                            "lastName": "SurName"                        },                        "timestamp": 1546290000,                        "text": "Hello!",                        "parts": [                            {                                "type": "sticker",                                "payload": {                                    "fileId": "2IWuJzaNWCJZxJWCvZhDYuJ5XDsr7hU"                                }                            }                        ]                    }                },                {                    "eventId": 2,                    "type": "editedMessage",                    "payload": {                        "msgId": "57883346846815030",                        "chat": {                            "chatId": "681869378@chat.agent",                            "type": "channel",                            "title": "The best channel"                        },                        "from": {                            "userId": "1234567890",                            "firstName": "Name",                            "lastName": "SurName"                        },                        "timestamp": 1546290000,                        "text": "Hello!",                        "editedTimestamp": 1546290099                    }                }            ]        }

[2024.04.05 17:39:27,271] DEBUG (bot.bot) (bot.py#events_get:173): {'ok': True, 'events': [{'eventId': 1, 'type': 'newMessage', 'payload': {'msgId': '57883346846815030', 'chat': {'chatId': '681869378@chat.agent', 'type': 'channel', 'title': 'The best channel'}, 'from': {'userId': '1234567890', 'firstName': 'Name', 'lastName': 'SurName'}, 'timestamp': 1546290000, 'text': 'Hello!', 'parts': [{'type': 'sticker', 'payload': {'fileId': '2IWuJzaNWCJZxJWCvZhDYuJ5XDsr7hU'}}]}}, {'eventId': 2, 'type': 'editedMessage', 'payload': {'msgId': '57883346846815030', 'chat': {'chatId': '681869378@chat.agent', 'type': 'channel', 'title': 'The best channel'}, 'from': {'userId': '1234567890', 'firstName': 'Name', 'lastName': 'SurName'}, 'timestamp': 1546290000, 'text': 'Hello!', 'editedTimestamp': 1546290099}}]}

[2024.04.05 17:39:27,271] DEBUG (bot.bot) (bot.py#send:592): GET http://localhost:8080/self/get?token=XXX.XXXXXXXXXX.XXXXXXXXXX%3AXXXXXXXXX
User-Agent: test_bot/base (uin=XXXXXXXXX) bot-python/0.0.21
Accept-Encoding: gzip, deflate
Accept: */*
Connection: keep-alive

[2024.04.05 17:39:27,272] DEBUG (bot.bot) (bot.py#send:605): 200 OK
Server: BaseHTTP/0.6 Python/3.12.2
Date: Fri, 05 Apr 2024 14:39:27 GMT
Content-Type: application/json

{            "firstName": "test_bot",            "nick": "test_bot",            "userId": "100000",            "ok": true        }

[2024.04.05 17:39:27,273] DEBUG (bot.bot) (bot.py#send:592): GET http://localhost:8080/chats/getInfo?token=XXX.XXXXXXXXXX.XXXXXXXXXX%3AXXXXXXXXX&chatId=XXXXX
User-Agent: test_bot/base (uin=XXXXXXXXX) bot-python/0.0.21
Accept-Encoding: gzip, deflate
Accept: */*
Connection: keep-alive

[2024.04.05 17:39:27,274] DEBUG (bot.bot) (bot.py#send:605): 200 OK
Server: BaseHTTP/0.6 Python/3.12.2
Date: Fri, 05 Apr 2024 14:39:27 GMT
Content-Type: application/json

{            "about": "some text",            "firstName": "first",            "language": "en",            "lastName": "last",            "type": "private",            "ok": true        }

[2024.04.05 17:39:27,275] DEBUG (bot.bot) (bot.py#send:592): GET http://localhost:8080/chats/getInfo?token=XXX.XXXXXXXXXX.XXXXXXXXXX%3AXXXXXXXXX&chatId=111
User-Agent: test_bot/base (uin=XXXXXXXXX) bot-python/0.0.21
Accept-Encoding: gzip, deflate
Accept: */*
Connection: keep-alive

[2024.04.05 17:39:27,275] DEBUG (bot.bot) (bot.py#send:605): 200 OK
Server: BaseHTTP/0.6 Python/3.12.2
Date: Fri, 05 Apr 2024 14:39:27 GMT
Content-Type: application/json

{            "about": "some text",            "firstName": "first",            "language": "en",            "lastName": "last",            "type": "private",            "ok": true        }

